// Jest Snapshot v1, https://goo.gl/fbAQLP

exports[`NavigationHeader matches snapshot 1`] = `
<Header
  centerComponent={
    Object {
      "style": Object {
        "color": "midnightblue",
        "fontFamily": "Hind-SemiBold",
        "fontSize": 18,
        "paddingTop": 8,
      },
      "text": "Test title",
    }
  }
  innerContainerStyles={
    Object {
      "alignItems": "center",
    }
  }
  leftComponent={
    Object {
      "color": "midnightblue",
      "icon": "keyboard-arrow-left",
      "onPress": [Function],
      "size": 40,
      "underlayColor": "transparent",
    }
  }
  outerContainerStyles={
    Object {
      "backgroundColor": "whitesmoke",
      "height": 96,
      "justifyContent": "center",
      "paddingTop": 40,
    }
  }
  rightComponent={
    Object {
      "color": "midnightblue",
      "icon": "add",
      "onPress": [Function],
      "size": 32,
      "underlayColor": "transparent",
    }
  }
/>
`;
